 push

Venkata Sai Harsha M@SaiHarsha0710 MINGW64 ~/OneDrive/Desktop/Harsha1 (master)
$ LS
 chapter1.py   chapter2.py   even.py   FIRST.TXT  'githiub and version control'

Venkata Sai Harsha M@SaiHarsha0710 MINGW64 ~/OneDrive/Desktop/Harsha1 (master)
$ git checkout chapter2.txt
error: pathspec 'chapter2.txt' did not match any file(s) known to git

Venkata Sai Harsha M@SaiHarsha0710 MINGW64 ~/OneDrive/Desktop/Harsha1 (master)
$ git statues
git: 'statues' is not a git command. See 'git --help'.

The most similar command is
        status

Venkata Sai Harsha M@SaiHarsha0710 MINGW64 ~/OneDrive/Desktop/Harsha1 (master)     
$ git status
On branch master
Changes not staged for commit:
  (use "git add <file>..." to update what will be committed)
  (use "git restore <file>..." to discard changes in working directory)
        modified:   chapter2.py

Untracked files:
  (use "git add <file>..." to include in what will be committed)
        FIRST.TXT

no changes added to commit (use "git add" and/or "git commit -a")

Venkata Sai Harsha M@SaiHarsha0710 MINGW64 ~/OneDrive/Desktop/Harsha1 (master)     
$ git checkout chapter2.py
Updated 1 path from the index

Venkata Sai Harsha M@SaiHarsha0710 MINGW64 ~/OneDrive/Desktop/Harsha1 (master)     
$ git log
commit 5fb05725a76ddec19b26169e87ded2d568f60ce4 (HEAD -> master)
Author: SaiHarsha0710 <maddinenivenkatasaiharsha@gmail.com>
Date:   Mon Jan 29 18:55:00 2024 +0530

    secondcommit

commit 5880aa2df6166aac651d33888aa2f3adc92095ff
Author: SaiHarsha0710 <maddinenivenkatasaiharsha@gmail.com>
Date:   Mon Jan 29 18:47:48 2024 +0530

    Initial commit

Venkata Sai Harsha M@SaiHarsha0710 MINGW64 ~/OneDrive/Desktop/Harsha1 (master)     
$ git log
commit 5fb05725a76ddec19b26169e87ded2d568f60ce4 (HEAD -> master)
Author: SaiHarsha0710 <maddinenivenkatasaiharsha@gmail.com>
Date:   Mon Jan 29 18:55:00 2024 +0530

    secondcommit

commit 5880aa2df6166aac651d33888aa2f3adc92095ff
Author: SaiHarsha0710 <maddinenivenkatasaiharsha@gmail.com>
Date:   Mon Jan 29 18:47:48 2024 +0530

    Initial commit

Venkata Sai Harsha M@SaiHarsha0710 MINGW64 ~/OneDrive/Desktop/Harsha1 (master)
$ git remote add origin
usage: git remote add [<options>] <name> <url>

    -f, --fetch           fetch the remote branches
    --tags                import all tags and associated objects when fetching
                          or do not fetch any tag at all (--no-tags)
    -t, --track <branch>  branch(es) to track
    -m, --master <branch>
                          master branch
    --mirror[=(push|fetch)]
                          set up remote as a mirror to push to or fetch from


Venkata Sai Harsha M@SaiHarsha0710 MINGW64 ~/OneDrive/Desktop/Harsha1 (master)     
$ git remote add origin https://github.com/SaiHarsha0710/Harsha1.git

Venkata Sai Harsha M@SaiHarsha0710 MINGW64 ~/OneDrive/Desktop/Harsha1 (master)     
$ git push -u origin main 
error: src refspec main does not match any
error: failed to push some refs to 'https://github.com/SaiHarsha0710/Harsha1.git'  

Venkata Sai Harsha M@SaiHarsha0710 MINGW64 ~/OneDrive/Desktop/Harsha1 (master)
$ git push -u origin main https://github.com/SaiHarsha0710/Harsha1.git
fatal: invalid refspec 'https://github.com/SaiHarsha0710/Harsha1.git'

Venkata Sai Harsha M@SaiHarsha0710 MINGW64 ~/OneDrive/Desktop/Harsha1 (master)
$ git remote add origin https://github.com/SaiHarsha0710/Harsha1.git
error: remote origin already exists.

Venkata Sai Harsha M@SaiHarsha0710 MINGW64 ~/OneDrive/Desktop/Harsha1 (master)
$ git push -u origin main
error: src refspec main does not match any
error: failed to push some refs to 'https://github.com/SaiHarsha0710/Harsha1.git'

Venkata Sai Harsha M@SaiHarsha0710 MINGW64 ~/OneDrive/Desktop/Harsha1 (master)
$ git branch
* master

Venkata Sai Harsha M@SaiHarsha0710 MINGW64 ~/OneDrive/Desktop/Harsha1 (master)
$ git checkout main
error: pathspec 'main' did not match any file(s) known to git

Venkata Sai Harsha M@SaiHarsha0710 MINGW64 ~/OneDrive/Desktop/Harsha1 (master)
$ git branch
* main
  master

Venkata Sai Harsha M@SaiHarsha0710 MINGW64 ~/OneDrive/Desktop/Harsha1 (main)
$ git push -u origin main
Enumerating objects: 7, done.
Counting objects: 100% (7/7), done.
Delta compression using up to 12 threads
Compressing objects: 100% (5/5), done.
Writing objects: 100% (7/7), 643 bytes | 643.00 KiB/s, done.
Total 7 (delta 1), reused 0 (delta 0), pack-reused 0
remote: Resolving deltas: 100% (1/1), done.
To https://github.com/SaiHarsha0710/Harsha1.git
 * [new branch]      main -> main
branch 'main' set up to track 'origin/main'.

Venkata Sai Harsha M@SaiHarsha0710 MINGW64 ~/OneDrive/Desktop/Harsha1 (main)
$